Constructed Universal 16
    ( fromListN 2
        [ Integer 100000
        , ObjectIdentifier
            ( fromListN 8
                [ 1
                , 3
                , 6
                , 1
                , 2
                , 1
                , 1
                , 1
                ]
            )
        ]
    )
