Value
    { tagClass = Universal
    , tagNumber = 16
    , contents = Constructed
        ( fromListN 2
            [ Value
                { tagClass = Universal
                , tagNumber = 12
                , contents = Utf8String "aaa"
                }
            , Value
                { tagClass = Universal
                , tagNumber = 12
                , contents = Utf8String "bbb"
                }
            ]
        )
    }
